******************************************************************************
                  MSP430 Linker PC v18.1.5                     
******************************************************************************
>> Linked Mon Apr 15 10:38:30 2019

OUTPUT FILE NAME:   <Combined_TFT_Pedals_RotaryEs.out>
ENTRY POINT SYMBOL: "_c_int00_noargs"  address: 0000cb6a


MEMORY CONFIGURATION

         name            origin    length      used     unused   attr    fill
----------------------  --------  ---------  --------  --------  ----  --------
  SFR                   00000000   00000010  00000000  00000010  RWIX
  PERIPHERALS_8BIT      00000010   000000f0  00000000  000000f0  RWIX
  PERIPHERALS_16BIT     00000100   00000100  00000000  00000100  RWIX
  RAM                   00000200   00000200  000000fc  00000104  RWIX
  INFOD                 00001000   00000040  00000000  00000040  RWIX
  INFOC                 00001040   00000040  00000000  00000040  RWIX
  INFOB                 00001080   00000040  00000000  00000040  RWIX
  INFOA                 000010c0   00000040  00000000  00000040  RWIX
  FLASH                 0000c000   00003fde  0000171c  000028c2  RWIX
  BSLSIGNATURE          0000ffde   00000002  00000002  00000000  RWIX  ffff 
  INT00                 0000ffe0   00000002  00000002  00000000  RWIX
  INT01                 0000ffe2   00000002  00000000  00000002  RWIX
  INT02                 0000ffe4   00000002  00000002  00000000  RWIX
  INT03                 0000ffe6   00000002  00000002  00000000  RWIX
  INT04                 0000ffe8   00000002  00000000  00000002  RWIX
  INT05                 0000ffea   00000002  00000002  00000000  RWIX
  INT06                 0000ffec   00000002  00000002  00000000  RWIX
  INT07                 0000ffee   00000002  00000002  00000000  RWIX
  INT08                 0000fff0   00000002  00000002  00000000  RWIX
  INT09                 0000fff2   00000002  00000002  00000000  RWIX
  INT10                 0000fff4   00000002  00000002  00000000  RWIX
  INT11                 0000fff6   00000002  00000002  00000000  RWIX
  INT12                 0000fff8   00000002  00000002  00000000  RWIX
  INT13                 0000fffa   00000002  00000002  00000000  RWIX
  INT14                 0000fffc   00000002  00000002  00000000  RWIX
  RESET                 0000fffe   00000002  00000002  00000000  RWIX


SECTION ALLOCATION MAP

 output                                  attributes/
section   page    origin      length       input sections
--------  ----  ----------  ----------   ----------------
.data      0    00000200    00000081     UNINITIALIZED
                  00000200    0000007e     WS2812Driver.obj (.data:leds)
                  0000027e    00000003     main.obj (.data)

.bss       0    00000282    0000002b     UNINITIALIZED
                  00000282    00000024     (.common:Pedals)
                  000002a6    00000002     (.common:f)
                  000002a8    00000002     (.common:x)
                  000002aa    00000002     (.common:y)
                  000002ac    00000001     (.common:i)

.stack     0    000003b0    00000050     UNINITIALIZED
                  000003b0    00000002     rts430_eabi.lib : boot.c.obj (.stack)
                  000003b2    0000004e     --HOLE--

.text      0    0000c000    00000ca6     
                  0000c000    00000142     main.obj (.text:logo)
                  0000c142    00000122     main.obj (.text:UPDATE)
                  0000c264    0000010e     lib_lcd.obj (.text:draw_bmap_8bit_v)
                  0000c372    000000cc     main.obj (.text:main)
                  0000c43e    000000c8     main.obj (.text:arm)
                  0000c506    000000ba     init_display.obj (.text:init_LCD)
                  0000c5c0    000000ae     lib_lcd.obj (.text:drawString)
                  0000c66e    00000088     lib_lcd.obj (.text:fill_rect)
                  0000c6f6    00000088     main.obj (.text:pedalPress)
                  0000c77e    0000007c     rts430_eabi.lib : copy_decompress_lzss.c.obj (.text:decompress:lzss:__TI_decompress_lzss)
                  0000c7fa    00000072     main.obj (.text:Port_2)
                  0000c86c    00000068     WS2812Driver.obj (.text:showStrip)
                  0000c8d4    0000004c     rts430_eabi.lib : lsr16.asm.obj (.text)
                  0000c920    00000042                     : autoinit.c.obj (.text:__TI_auto_init_nobinit_nopinit:__TI_auto_init_nobinit_nopinit)
                  0000c962    0000003c     lib_lcd.obj (.text:set_cursor_x)
                  0000c99e    0000003c     lib_lcd.obj (.text:set_cursor_y)
                  0000c9da    00000038     lib_lcd.obj (.text:draw_char)
                  0000ca12    00000036     lib_lcd.obj (.text:draw_pixel_xy)
                  0000ca48    00000036     init_display.obj (.text:init_USCI)
                  0000ca7e    00000032     lib_lcd.obj (.text:fill_display)
                  0000cab0    0000002c     rts430_eabi.lib : lsl16.asm.obj (.text)
                  0000cadc    0000002a     WS2812Driver.obj (.text:fillStrip)
                  0000cb06    00000026     WS2812Driver.obj (.text:initStrip)
                  0000cb2c    00000020     WS2812Driver.obj (.text:setLEDColor)
                  0000cb4c    0000001e     lib_lcd.obj (.text:set_instruction)
                  0000cb6a    0000001c     rts430_eabi.lib : boot.c.obj (.text:_c_int00_noargs)
                  0000cb86    0000001c     lib_lcd.obj (.text:set_cursor)
                  0000cba2    00000018     lib_lcd.obj (.text:draw_pixel)
                  0000cbba    00000016     lib_lcd.obj (.text:set_RGB16)
                  0000cbd0    00000016     delay.obj (.text:wait_ms)
                  0000cbe6    00000016     delay.obj (.text:wait_us)
                  0000cbfc    00000014     rts430_eabi.lib : copy_zero_init.c.obj (.text:decompress:ZI:__TI_zero_init_nomemset:__TI_zero_init_nomemset)
                  0000cc10    00000014                     : mult16.asm.obj (.text)
                  0000cc24    00000012                     : copy_decompress_none.c.obj (.text:decompress:none:__TI_decompress_none)
                  0000cc36    00000012                     : memcpy.c.obj (.text:memcpy)
                  0000cc48    00000012     main.obj (.text:up)
                  0000cc5a    00000010     main.obj (.text:down)
                  0000cc6a    00000010     rts430_eabi.lib : epilog.asm.obj (.text)
                  0000cc7a    0000000c     init_display.obj (.text:USCI)
                  0000cc86    0000000c     WS2812Driver.obj (.text:clearStrip)
                  0000cc92    00000008     rts430_eabi.lib : isr_trap.asm.obj (.text:_isr:__TI_ISR_TRAP)
                  0000cc9a    00000006                     : exit.c.obj (.text:abort)
                  0000cca0    00000004                     : pre_init.c.obj (.text:_system_pre_init)
                  0000cca4    00000002                     : startup.c.obj (.text:_system_post_cinit)

.const     0    0000cca6    00000a58     
                  0000cca6    00000725     main.obj (.const:.string:logoText)
                  0000d3cb    00000001     --HOLE-- [fill = 0]
                  0000d3cc    00000280     lib_lcd.obj (.const:ascii_table)
                  0000d64c    00000036     init_display.obj (.const:.string:init_data)
                  0000d682    00000028     main.obj (.const:tracks)
                  0000d6aa    00000018     main.obj (.const:modeColors)
                  0000d6c2    00000010     init_display.obj (.const:.string:init_cmd)
                  0000d6d2    00000010     init_display.obj (.const:.string:init_data_count)
                  0000d6e2    00000010     main.obj (.const:.string:introText)
                  0000d6f2    00000008     main.obj (.const:trackBackgroundColor)
                  0000d6fa    00000004     main.obj (.const:numberOffset_x)

.cinit     0    0000d6fe    0000001e     
                  0000d6fe    0000000b     (.cinit..data.load) [load image, compression = lzss]
                  0000d709    00000001     --HOLE-- [fill = 0]
                  0000d70a    00000006     (__TI_handler_table)
                  0000d710    00000004     (.cinit..bss.load) [load image, compression = zero_init]
                  0000d714    00000008     (__TI_cinit_table)

.binit     0    0000c000    00000000     

.init_array 
*          0    0000c000    00000000     UNINITIALIZED

TRAPINT    0    0000ffe0    00000002     
                  0000ffe0    00000002     rts430_eabi.lib : int00.asm.obj (.int00)

PORT1      0    0000ffe4    00000002     
                  0000ffe4    00000002     rts430_eabi.lib : int02.asm.obj (.int02)

PORT2      0    0000ffe6    00000002     
                  0000ffe6    00000002     main.obj (.int03)

ADC10      0    0000ffea    00000002     
                  0000ffea    00000002     rts430_eabi.lib : int05.asm.obj (.int05)

USCIAB0TX 
*          0    0000ffec    00000002     
                  0000ffec    00000002     init_display.obj (.int06)

USCIAB0RX 
*          0    0000ffee    00000002     
                  0000ffee    00000002     rts430_eabi.lib : int07.asm.obj (.int07)

TIMER0_A1 
*          0    0000fff0    00000002     
                  0000fff0    00000002     rts430_eabi.lib : int08.asm.obj (.int08)

TIMER0_A0 
*          0    0000fff2    00000002     
                  0000fff2    00000002     rts430_eabi.lib : int09.asm.obj (.int09)

WDT        0    0000fff4    00000002     
                  0000fff4    00000002     rts430_eabi.lib : int10.asm.obj (.int10)

COMPARATORA 
*          0    0000fff6    00000002     
                  0000fff6    00000002     rts430_eabi.lib : int11.asm.obj (.int11)

TIMER1_A1 
*          0    0000fff8    00000002     
                  0000fff8    00000002     rts430_eabi.lib : int12.asm.obj (.int12)

TIMER1_A0 
*          0    0000fffa    00000002     
                  0000fffa    00000002     rts430_eabi.lib : int13.asm.obj (.int13)

NMI        0    0000fffc    00000002     
                  0000fffc    00000002     rts430_eabi.lib : int14.asm.obj (.int14)

.reset     0    0000fffe    00000002     
                  0000fffe    00000002     rts430_eabi.lib : boot.c.obj (.reset)

$fill000   0    0000ffde    00000002     
                  0000ffde    00000002     --HOLE-- [fill = ffff]

MODULE SUMMARY

       Module                       code   ro data   rw data
       ------                       ----   -------   -------
    .\
       main.obj                     1300   1923      46     
       lib_lcd.obj                  964    640       0      
       WS2812Driver.obj             228    0         126    
       init_display.obj             252    88        0      
       delay.obj                    44     0         0      
    +--+----------------------------+------+---------+---------+
       Total:                       2788   2651      172    
                                                            
    D:\CCS8.3.0.00009_win32\ccsv8\tools\compiler\ti-cgt-msp430_18.1.5.LTS\lib\rts430_eabi.lib
       copy_decompress_lzss.c.obj   124    0         0      
       lsr16.asm.obj                76     0         0      
       autoinit.c.obj               66     0         0      
       lsl16.asm.obj                44     0         0      
       boot.c.obj                   28     2         0      
       copy_zero_init.c.obj         20     0         0      
       mult16.asm.obj               20     0         0      
       copy_decompress_none.c.obj   18     0         0      
       memcpy.c.obj                 18     0         0      
       epilog.asm.obj               16     0         0      
       isr_trap.asm.obj             8      0         0      
       exit.c.obj                   6      0         0      
       pre_init.c.obj               4      0         0      
       int00.asm.obj                0      2         0      
       int02.asm.obj                0      2         0      
       int05.asm.obj                0      2         0      
       int07.asm.obj                0      2         0      
       int08.asm.obj                0      2         0      
       int09.asm.obj                0      2         0      
       int10.asm.obj                0      2         0      
       int11.asm.obj                0      2         0      
       int12.asm.obj                0      2         0      
       int13.asm.obj                0      2         0      
       int14.asm.obj                0      2         0      
       startup.c.obj                2      0         0      
    +--+----------------------------+------+---------+---------+
       Total:                       450    24        0      
                                                            
       Stack:                       0      0         80     
       Linker Generated:            0      29        0      
    +--+----------------------------+------+---------+---------+
       Grand Total:                 3238   2704      252    


LINKER GENERATED COPY TABLES

__TI_cinit_table @ 0000d714 records: 2, size/record: 4, table size: 8
	.data: load addr=0000d6fe, load size=0000000b bytes, run addr=00000200, run size=00000081 bytes, compression=lzss
	.bss: load addr=0000d710, load size=00000004 bytes, run addr=00000282, run size=0000002b bytes, compression=zero_init


LINKER GENERATED HANDLER TABLE

__TI_handler_table @ 0000d70a records: 3, size/record: 2, table size: 6
	index: 0, handler: __TI_zero_init
	index: 1, handler: __TI_decompress_lzss
	index: 2, handler: __TI_decompress_none


GLOBAL SYMBOLS: SORTED ALPHABETICALLY BY Name 

address   name                          
-------   ----                          
0000004a  ADC10AE0                      
000001b0  ADC10CTL0                     
000001b2  ADC10CTL1                     
00000048  ADC10DTC0                     
00000049  ADC10DTC1                     
000001b4  ADC10MEM                      
000001bc  ADC10SA                       
00000057  BCSCTL1                       
00000058  BCSCTL2                       
00000053  BCSCTL3                       
0000cc9a  C$$EXIT                       
00000059  CACTL1                        
0000005a  CACTL2                        
000010fb  CALBC1_12MHZ                  
000010f9  CALBC1_16MHZ                  
000010ff  CALBC1_1MHZ                   
000010fd  CALBC1_8MHZ                   
000010fa  CALDCO_12MHZ                  
000010f8  CALDCO_16MHZ                  
000010fe  CALDCO_1MHZ                   
000010fc  CALDCO_8MHZ                   
0000005b  CAPD                          
00000056  DCOCTL                        
00000128  FCTL1                         
0000012a  FCTL2                         
0000012c  FCTL3                         
00000000  IE1                           
00000001  IE2                           
00000002  IFG1                          
00000003  IFG2                          
00000022  P1DIR                         
00000025  P1IE                          
00000024  P1IES                         
00000023  P1IFG                         
00000020  P1IN                          
00000021  P1OUT                         
00000027  P1REN                         
00000026  P1SEL                         
00000041  P1SEL2                        
0000002a  P2DIR                         
0000002d  P2IE                          
0000002c  P2IES                         
0000002b  P2IFG                         
00000028  P2IN                          
00000029  P2OUT                         
0000002f  P2REN                         
0000002e  P2SEL                         
00000042  P2SEL2                        
0000001a  P3DIR                         
00000018  P3IN                          
00000019  P3OUT                         
00000010  P3REN                         
0000001b  P3SEL                         
00000043  P3SEL2                        
00000282  Pedals                        
0000c7fa  Port_2                        
00000172  TA0CCR0                       
00000174  TA0CCR1                       
00000176  TA0CCR2                       
00000162  TA0CCTL0                      
00000164  TA0CCTL1                      
00000166  TA0CCTL2                      
00000160  TA0CTL                        
0000012e  TA0IV                         
00000170  TA0R                          
00000192  TA1CCR0                       
00000194  TA1CCR1                       
00000196  TA1CCR2                       
00000182  TA1CCTL0                      
00000184  TA1CCTL1                      
00000186  TA1CCTL2                      
00000180  TA1CTL                        
0000011e  TA1IV                         
00000190  TA1R                          
000010db  TLV_ADC10_1_LEN               
000010da  TLV_ADC10_1_TAG               
000010c0  TLV_CHECKSUM                  
000010f7  TLV_DCO_30_LEN                
000010f6  TLV_DCO_30_TAG                
0000005d  UCA0ABCTL                     
00000062  UCA0BR0                       
00000063  UCA0BR1                       
00000060  UCA0CTL0                      
00000061  UCA0CTL1                      
0000005f  UCA0IRRCTL                    
0000005e  UCA0IRTCTL                    
00000064  UCA0MCTL                      
00000066  UCA0RXBUF                     
00000065  UCA0STAT                      
00000067  UCA0TXBUF                     
0000006a  UCB0BR0                       
0000006b  UCB0BR1                       
00000068  UCB0CTL0                      
00000069  UCB0CTL1                      
0000006c  UCB0I2CIE                     
00000118  UCB0I2COA                     
0000011a  UCB0I2CSA                     
0000006e  UCB0RXBUF                     
0000006d  UCB0STAT                      
0000006f  UCB0TXBUF                     
0000c142  UPDATE                        
0000cc7a  USCI                          
00000120  WDTCTL                        
00000400  __STACK_END                   
00000050  __STACK_SIZE                  
0000d714  __TI_CINIT_Base               
0000d71c  __TI_CINIT_Limit              
0000d70a  __TI_Handler_Table_Base       
0000d710  __TI_Handler_Table_Limit      
0000cc92  __TI_ISR_TRAP                 
0000c920  __TI_auto_init_nobinit_nopinit
0000c77e  __TI_decompress_lzss          
0000cc24  __TI_decompress_none          
0000ffe0  __TI_int00                    
0000ffe4  __TI_int02                    
0000ffe6  __TI_int03                    
0000ffea  __TI_int05                    
0000ffec  __TI_int06                    
0000ffee  __TI_int07                    
0000fff0  __TI_int08                    
0000fff2  __TI_int09                    
0000fff4  __TI_int10                    
0000fff6  __TI_int11                    
0000fff8  __TI_int12                    
0000fffa  __TI_int13                    
0000fffc  __TI_int14                    
ffffffff  __TI_pprof_out_hndl           
ffffffff  __TI_prof_data_size           
ffffffff  __TI_prof_data_start          
0000cbfc  __TI_zero_init_nomemset       
ffffffff  __c_args__                    
0000cc76  __mspabi_func_epilog_1        
0000cc74  __mspabi_func_epilog_2        
0000cc72  __mspabi_func_epilog_3        
0000cc70  __mspabi_func_epilog_4        
0000cc6e  __mspabi_func_epilog_5        
0000cc6c  __mspabi_func_epilog_6        
0000cc6a  __mspabi_func_epilog_7        
0000cc10  __mspabi_mpyi                 
0000cc10  __mspabi_mpyi_sw              
0000cab0  __mspabi_slli                 
0000cad8  __mspabi_slli_1               
0000cac6  __mspabi_slli_10              
0000cac4  __mspabi_slli_11              
0000cac2  __mspabi_slli_12              
0000cac0  __mspabi_slli_13              
0000cabe  __mspabi_slli_14              
0000cabc  __mspabi_slli_15              
0000cad6  __mspabi_slli_2               
0000cad4  __mspabi_slli_3               
0000cad2  __mspabi_slli_4               
0000cad0  __mspabi_slli_5               
0000cace  __mspabi_slli_6               
0000cacc  __mspabi_slli_7               
0000caca  __mspabi_slli_8               
0000cac8  __mspabi_slli_9               
0000c8d4  __mspabi_srli                 
0000c91a  __mspabi_srli_1               
0000c8f6  __mspabi_srli_10              
0000c8f2  __mspabi_srli_11              
0000c8ee  __mspabi_srli_12              
0000c8ea  __mspabi_srli_13              
0000c8e6  __mspabi_srli_14              
0000c8e2  __mspabi_srli_15              
0000c916  __mspabi_srli_2               
0000c912  __mspabi_srli_3               
0000c90e  __mspabi_srli_4               
0000c90a  __mspabi_srli_5               
0000c906  __mspabi_srli_6               
0000c902  __mspabi_srli_7               
0000c8fe  __mspabi_srli_8               
0000c8fa  __mspabi_srli_9               
0000cb6a  _c_int00_noargs               
0000fffe  _reset_vector                 
000003b0  _stack                        
0000cca4  _system_post_cinit            
0000cca0  _system_pre_init              
0000cc9a  abort                         
0000c43e  arm                           
0000d3cc  ascii_table                   
0000cc86  clearStrip                    
0000cc5a  down                          
0000c5c0  drawString                    
0000c264  draw_bmap_8bit_v              
0000c9da  draw_char                     
0000cba2  draw_pixel                    
0000ca12  draw_pixel_xy                 
000002a6  f                             
0000cadc  fillStrip                     
0000ca7e  fill_display                  
0000c66e  fill_rect                     
000002ac  i                             
0000cb06  initStrip                     
0000c506  init_LCD                      
0000ca48  init_USCI                     
0000d6c2  init_cmd                      
0000d64c  init_data                     
0000d6d2  init_data_count               
0000d6e2  introText                     
0000c000  logo                          
0000cca6  logoText                      
0000c372  main                          
0000cc36  memcpy                        
0000d6aa  modeColors                    
0000d6fa  numberOffset_x                
0000c6f6  pedalPress                    
0000027f  pedalText                     
00000280  pedal_array                   
0000cb2c  setLEDColor                   
0000cbba  set_RGB16                     
0000cb86  set_cursor                    
0000c962  set_cursor_x                  
0000c99e  set_cursor_y                  
0000cb4c  set_instruction               
0000c86c  showStrip                     
0000027e  space_char                    
0000d6f2  trackBackgroundColor          
0000d682  tracks                        
0000cc48  up                            
0000cbd0  wait_ms                       
0000cbe6  wait_us                       
000002a8  x                             
000002aa  y                             


GLOBAL SYMBOLS: SORTED BY Symbol Address 

address   name                          
-------   ----                          
00000000  IE1                           
00000001  IE2                           
00000002  IFG1                          
00000003  IFG2                          
00000010  P3REN                         
00000018  P3IN                          
00000019  P3OUT                         
0000001a  P3DIR                         
0000001b  P3SEL                         
00000020  P1IN                          
00000021  P1OUT                         
00000022  P1DIR                         
00000023  P1IFG                         
00000024  P1IES                         
00000025  P1IE                          
00000026  P1SEL                         
00000027  P1REN                         
00000028  P2IN                          
00000029  P2OUT                         
0000002a  P2DIR                         
0000002b  P2IFG                         
0000002c  P2IES                         
0000002d  P2IE                          
0000002e  P2SEL                         
0000002f  P2REN                         
00000041  P1SEL2                        
00000042  P2SEL2                        
00000043  P3SEL2                        
00000048  ADC10DTC0                     
00000049  ADC10DTC1                     
0000004a  ADC10AE0                      
00000050  __STACK_SIZE                  
00000053  BCSCTL3                       
00000056  DCOCTL                        
00000057  BCSCTL1                       
00000058  BCSCTL2                       
00000059  CACTL1                        
0000005a  CACTL2                        
0000005b  CAPD                          
0000005d  UCA0ABCTL                     
0000005e  UCA0IRTCTL                    
0000005f  UCA0IRRCTL                    
00000060  UCA0CTL0                      
00000061  UCA0CTL1                      
00000062  UCA0BR0                       
00000063  UCA0BR1                       
00000064  UCA0MCTL                      
00000065  UCA0STAT                      
00000066  UCA0RXBUF                     
00000067  UCA0TXBUF                     
00000068  UCB0CTL0                      
00000069  UCB0CTL1                      
0000006a  UCB0BR0                       
0000006b  UCB0BR1                       
0000006c  UCB0I2CIE                     
0000006d  UCB0STAT                      
0000006e  UCB0RXBUF                     
0000006f  UCB0TXBUF                     
00000118  UCB0I2COA                     
0000011a  UCB0I2CSA                     
0000011e  TA1IV                         
00000120  WDTCTL                        
00000128  FCTL1                         
0000012a  FCTL2                         
0000012c  FCTL3                         
0000012e  TA0IV                         
00000160  TA0CTL                        
00000162  TA0CCTL0                      
00000164  TA0CCTL1                      
00000166  TA0CCTL2                      
00000170  TA0R                          
00000172  TA0CCR0                       
00000174  TA0CCR1                       
00000176  TA0CCR2                       
00000180  TA1CTL                        
00000182  TA1CCTL0                      
00000184  TA1CCTL1                      
00000186  TA1CCTL2                      
00000190  TA1R                          
00000192  TA1CCR0                       
00000194  TA1CCR1                       
00000196  TA1CCR2                       
000001b0  ADC10CTL0                     
000001b2  ADC10CTL1                     
000001b4  ADC10MEM                      
000001bc  ADC10SA                       
0000027e  space_char                    
0000027f  pedalText                     
00000280  pedal_array                   
00000282  Pedals                        
000002a6  f                             
000002a8  x                             
000002aa  y                             
000002ac  i                             
000003b0  _stack                        
00000400  __STACK_END                   
000010c0  TLV_CHECKSUM                  
000010da  TLV_ADC10_1_TAG               
000010db  TLV_ADC10_1_LEN               
000010f6  TLV_DCO_30_TAG                
000010f7  TLV_DCO_30_LEN                
000010f8  CALDCO_16MHZ                  
000010f9  CALBC1_16MHZ                  
000010fa  CALDCO_12MHZ                  
000010fb  CALBC1_12MHZ                  
000010fc  CALDCO_8MHZ                   
000010fd  CALBC1_8MHZ                   
000010fe  CALDCO_1MHZ                   
000010ff  CALBC1_1MHZ                   
0000c000  logo                          
0000c142  UPDATE                        
0000c264  draw_bmap_8bit_v              
0000c372  main                          
0000c43e  arm                           
0000c506  init_LCD                      
0000c5c0  drawString                    
0000c66e  fill_rect                     
0000c6f6  pedalPress                    
0000c77e  __TI_decompress_lzss          
0000c7fa  Port_2                        
0000c86c  showStrip                     
0000c8d4  __mspabi_srli                 
0000c8e2  __mspabi_srli_15              
0000c8e6  __mspabi_srli_14              
0000c8ea  __mspabi_srli_13              
0000c8ee  __mspabi_srli_12              
0000c8f2  __mspabi_srli_11              
0000c8f6  __mspabi_srli_10              
0000c8fa  __mspabi_srli_9               
0000c8fe  __mspabi_srli_8               
0000c902  __mspabi_srli_7               
0000c906  __mspabi_srli_6               
0000c90a  __mspabi_srli_5               
0000c90e  __mspabi_srli_4               
0000c912  __mspabi_srli_3               
0000c916  __mspabi_srli_2               
0000c91a  __mspabi_srli_1               
0000c920  __TI_auto_init_nobinit_nopinit
0000c962  set_cursor_x                  
0000c99e  set_cursor_y                  
0000c9da  draw_char                     
0000ca12  draw_pixel_xy                 
0000ca48  init_USCI                     
0000ca7e  fill_display                  
0000cab0  __mspabi_slli                 
0000cabc  __mspabi_slli_15              
0000cabe  __mspabi_slli_14              
0000cac0  __mspabi_slli_13              
0000cac2  __mspabi_slli_12              
0000cac4  __mspabi_slli_11              
0000cac6  __mspabi_slli_10              
0000cac8  __mspabi_slli_9               
0000caca  __mspabi_slli_8               
0000cacc  __mspabi_slli_7               
0000cace  __mspabi_slli_6               
0000cad0  __mspabi_slli_5               
0000cad2  __mspabi_slli_4               
0000cad4  __mspabi_slli_3               
0000cad6  __mspabi_slli_2               
0000cad8  __mspabi_slli_1               
0000cadc  fillStrip                     
0000cb06  initStrip                     
0000cb2c  setLEDColor                   
0000cb4c  set_instruction               
0000cb6a  _c_int00_noargs               
0000cb86  set_cursor                    
0000cba2  draw_pixel                    
0000cbba  set_RGB16                     
0000cbd0  wait_ms                       
0000cbe6  wait_us                       
0000cbfc  __TI_zero_init_nomemset       
0000cc10  __mspabi_mpyi                 
0000cc10  __mspabi_mpyi_sw              
0000cc24  __TI_decompress_none          
0000cc36  memcpy                        
0000cc48  up                            
0000cc5a  down                          
0000cc6a  __mspabi_func_epilog_7        
0000cc6c  __mspabi_func_epilog_6        
0000cc6e  __mspabi_func_epilog_5        
0000cc70  __mspabi_func_epilog_4        
0000cc72  __mspabi_func_epilog_3        
0000cc74  __mspabi_func_epilog_2        
0000cc76  __mspabi_func_epilog_1        
0000cc7a  USCI                          
0000cc86  clearStrip                    
0000cc92  __TI_ISR_TRAP                 
0000cc9a  C$$EXIT                       
0000cc9a  abort                         
0000cca0  _system_pre_init              
0000cca4  _system_post_cinit            
0000cca6  logoText                      
0000d3cc  ascii_table                   
0000d64c  init_data                     
0000d682  tracks                        
0000d6aa  modeColors                    
0000d6c2  init_cmd                      
0000d6d2  init_data_count               
0000d6e2  introText                     
0000d6f2  trackBackgroundColor          
0000d6fa  numberOffset_x                
0000d70a  __TI_Handler_Table_Base       
0000d710  __TI_Handler_Table_Limit      
0000d714  __TI_CINIT_Base               
0000d71c  __TI_CINIT_Limit              
0000ffe0  __TI_int00                    
0000ffe4  __TI_int02                    
0000ffe6  __TI_int03                    
0000ffea  __TI_int05                    
0000ffec  __TI_int06                    
0000ffee  __TI_int07                    
0000fff0  __TI_int08                    
0000fff2  __TI_int09                    
0000fff4  __TI_int10                    
0000fff6  __TI_int11                    
0000fff8  __TI_int12                    
0000fffa  __TI_int13                    
0000fffc  __TI_int14                    
0000fffe  _reset_vector                 
ffffffff  __TI_pprof_out_hndl           
ffffffff  __TI_prof_data_size           
ffffffff  __TI_prof_data_start          
ffffffff  __c_args__                    

[223 symbols]
